{"meta":{"app":"Holo5-Excavator ~ Holo5 (github:Pi-Bouf)","format":"RGBA8888","image":".png","scale":"1.0","size":{"w":253,"h":242},"version":"1.0"},"frames":{"golden_golden_64_a_2_0":{"frame":{"x":0,"y":0,"w":63,"h":85},"sourceSize":{"w":63,"h":85},"spriteSourceSize":{"x":0,"y":0,"w":63,"h":85},"rotated":false,"trimmed":true},"golden_golden_64_a_4_0":{"frame":{"x":63,"y":0,"w":63,"h":85},"sourceSize":{"w":63,"h":85},"spriteSourceSize":{"x":0,"y":0,"w":63,"h":85},"rotated":false,"trimmed":true},"golden_golden_64_b_0_0":{"frame":{"x":126,"y":0,"w":63,"h":78},"sourceSize":{"w":63,"h":78},"spriteSourceSize":{"x":0,"y":0,"w":63,"h":78},"rotated":false,"trimmed":true},"golden_golden_64_b_6_0":{"frame":{"x":0,"y":85,"w":63,"h":78},"sourceSize":{"w":63,"h":78},"spriteSourceSize":{"x":0,"y":0,"w":63,"h":78},"rotated":false,"trimmed":true},"golden_golden_64_sd_0_0":{"frame":{"x":63,"y":85,"w":64,"h":32},"sourceSize":{"w":64,"h":32},"spriteSourceSize":{"x":0,"y":0,"w":64,"h":32},"rotated":false,"trimmed":true},"golden_golden_64_sd_2_0":{"frame":{"x":63,"y":117,"w":64,"h":32},"sourceSize":{"w":64,"h":32},"spriteSourceSize":{"x":0,"y":0,"w":64,"h":32},"rotated":false,"trimmed":true},"golden_golden_64_sd_4_0":{"frame":{"x":189,"y":0,"w":64,"h":32},"sourceSize":{"w":64,"h":32},"spriteSourceSize":{"x":0,"y":0,"w":64,"h":32},"rotated":false,"trimmed":true},"golden_golden_64_sd_6_0":{"frame":{"x":189,"y":32,"w":64,"h":32},"sourceSize":{"w":64,"h":32},"spriteSourceSize":{"x":0,"y":0,"w":64,"h":32},"rotated":false,"trimmed":true},"golden_golden_32_a_2_0":{"frame":{"x":189,"y":64,"w":33,"h":42},"sourceSize":{"w":33,"h":42},"spriteSourceSize":{"x":0,"y":0,"w":33,"h":42},"rotated":false,"trimmed":true},"golden_golden_32_a_4_0":{"frame":{"x":189,"y":106,"w":33,"h":42},"sourceSize":{"w":33,"h":42},"spriteSourceSize":{"x":0,"y":0,"w":33,"h":42},"rotated":false,"trimmed":true},"golden_golden_64_b_2_0":{"frame":{"x":222,"y":64,"w":30,"h":42},"sourceSize":{"w":30,"h":42},"spriteSourceSize":{"x":0,"y":0,"w":30,"h":42},"rotated":false,"trimmed":true},"golden_golden_64_b_4_0":{"frame":{"x":222,"y":106,"w":30,"h":42},"sourceSize":{"w":30,"h":42},"spriteSourceSize":{"x":0,"y":0,"w":30,"h":42},"rotated":false,"trimmed":true},"golden_golden_32_b_0_0":{"frame":{"x":0,"y":163,"w":32,"h":39},"sourceSize":{"w":32,"h":39},"spriteSourceSize":{"x":0,"y":0,"w":32,"h":39},"rotated":false,"trimmed":true},"golden_golden_32_b_6_0":{"frame":{"x":32,"y":163,"w":32,"h":39},"sourceSize":{"w":32,"h":39},"spriteSourceSize":{"x":0,"y":0,"w":32,"h":39},"rotated":false,"trimmed":true},"golden_golden_64_a_0_0":{"frame":{"x":0,"y":202,"w":23,"h":40},"sourceSize":{"w":23,"h":40},"spriteSourceSize":{"x":0,"y":0,"w":23,"h":40},"rotated":false,"trimmed":true},"golden_golden_64_a_6_0":{"frame":{"x":23,"y":202,"w":23,"h":40},"sourceSize":{"w":23,"h":40},"spriteSourceSize":{"x":0,"y":0,"w":23,"h":40},"rotated":false,"trimmed":true},"golden_golden_icon_a":{"frame":{"x":127,"y":85,"w":22,"h":30},"sourceSize":{"w":22,"h":30},"spriteSourceSize":{"x":0,"y":0,"w":22,"h":30},"rotated":false,"trimmed":true},"golden_golden_32_sd_0_0":{"frame":{"x":189,"y":148,"w":32,"h":15},"sourceSize":{"w":32,"h":15},"spriteSourceSize":{"x":0,"y":0,"w":32,"h":15},"rotated":false,"trimmed":true},"golden_golden_32_sd_2_0":{"frame":{"x":221,"y":148,"w":32,"h":15},"sourceSize":{"w":32,"h":15},"spriteSourceSize":{"x":0,"y":0,"w":32,"h":15},"rotated":false,"trimmed":true},"golden_golden_32_sd_4_0":{"frame":{"x":149,"y":85,"w":32,"h":15},"sourceSize":{"w":32,"h":15},"spriteSourceSize":{"x":0,"y":0,"w":32,"h":15},"rotated":false,"trimmed":true},"golden_golden_32_sd_6_0":{"frame":{"x":149,"y":100,"w":32,"h":15},"sourceSize":{"w":32,"h":15},"spriteSourceSize":{"x":0,"y":0,"w":32,"h":15},"rotated":false,"trimmed":true},"golden_golden_32_b_2_0":{"frame":{"x":127,"y":117,"w":15,"h":21},"sourceSize":{"w":15,"h":21},"spriteSourceSize":{"x":0,"y":0,"w":15,"h":21},"rotated":false,"trimmed":true},"golden_golden_32_b_4_0":{"frame":{"x":142,"y":117,"w":15,"h":21},"sourceSize":{"w":15,"h":21},"spriteSourceSize":{"x":0,"y":0,"w":15,"h":21},"rotated":false,"trimmed":true},"golden_golden_32_a_0_0":{"frame":{"x":157,"y":117,"w":11,"h":21},"sourceSize":{"w":11,"h":21},"spriteSourceSize":{"x":0,"y":0,"w":11,"h":21},"rotated":false,"trimmed":true},"golden_golden_32_a_6_0":{"frame":{"x":168,"y":117,"w":11,"h":21},"sourceSize":{"w":11,"h":21},"spriteSourceSize":{"x":0,"y":0,"w":11,"h":21},"rotated":false,"trimmed":true}},"furniProperty":{"infos":{},"dimensions":{"x":null,"y":null},"visualization":{"layerCount":0,"layers":{},"directions":[],"colors":{},"animation":{}}}}